// Jest Snapshot v1, https://goo.gl/fbAQLP

exports[`Pruebas en RegisterScreen debe de hacer el snapshot 1`] = `
Array [
  <h3
    className="auth__title"
  >
     Register 
  </h3>,
  <form
    autoComplete="off"
    onSubmit={[Function]}
  >
    <input
      autoComplete="off"
      className="auth_input"
      name="name"
      onChange={[Function]}
      placeholder="Name"
      type="text"
      value="Jose Enrique"
    />
    <input
      autoComplete="off"
      className="auth_input"
      name="email"
      onChange={[Function]}
      placeholder="Email"
      type="text"
      value="joseboba18@gmail.com"
    />
    <input
      autoComplete="off"
      className="auth_input"
      name="password"
      onChange={[Function]}
      placeholder="Password"
      type="password"
      value="123456"
    />
    <input
      autoComplete="off"
      className="auth_input"
      name="password2"
      onChange={[Function]}
      placeholder="Confirme su password"
      type="password"
      value="123456"
    />
    <button
      className="btn btn-primary btn-block mt-5"
      type="submit"
    >
      Register
    </button>
    <a
      className="link "
      href="/auth/login"
      onClick={[Function]}
    >
      ¿Ya estás registrado?
    </a>
  </form>,
]
`;
